// Jest Snapshot v1, https://goo.gl/fbAQLP

exports[`Button component renders a uswds button by default 1`] = `
<DocumentFragment>
  <button
    class="usa-button "
    type="button"
  >
    test
  </button>
</DocumentFragment>
`;
